// Jest Snapshot v1, https://goo.gl/fbAQLP

exports[`Component: LogoTitle matches its snapshot 1`] = `
.c0 {
  display: -webkit-box;
  display: -webkit-flex;
  display: -ms-flexbox;
  display: flex;
  -webkit-flex-direction: row;
  -ms-flex-direction: row;
  flex-direction: row;
  -webkit-align-items: center;
  -webkit-box-align: center;
  -ms-flex-align: center;
  align-items: center;
  -webkit-box-pack: center;
  -webkit-justify-content: center;
  -ms-flex-pack: center;
  justify-content: center;
}

.c1 {
  width: 4rem;
  height: 4rem;
  margin-right: 0.5rem;
}

.c2 {
  color: #ffffff;
  font-size: clamp(2.2rem,1.4vw,3.8rem);
}

<div
  class="c0"
>
  <img
    alt="logo"
    class="c1"
    src="logo.svg"
  />
  <h1
    class="c2"
  >
    MusicThing
  </h1>
</div>
`;
